/**
 * Name: Taseen Hafiz
 * Lab/task: Lab 02
 * Date: 02/10/2020
 **/
Script started on 2020-02-10 23:40:15-08:00 [TERM="xterm-256color" TTY="/dev/pts/1" COLUMNS="240" LINES="63"]
parzival@KAREN:/mnt/e/Spring 2020/COMP 362 S20/HafizTaseenLab02$ sub

USAGE:
   sub [ -h | --fromChars -+toChars [-i inputFile] [-o outputFile] ]

DESCRIPTION:
   This utility copies text from an input stream to an output stream replacing every
   instance of a specific character in fromChars with a corresponding (position-wise)
   character from toChars. Any characters in fromChars and in toChars that do not
   have corresponding counterparts in the other one are ignored. If an input file is
   provided, the content is read from that file; otherwise, the standard input is used.
   If an output file is provided, then the modified content is written to that file;
   otherwise, the standard output is used.

OPTIONS:
   --(followed by a string without separating space)
     indicates all characters that will be replaced in the processed text
   -+(followed by a string without separating space)
     indicates the characters that will be used to replace corresponding
     (position-wise) characters from fromChars in the processed text
   -i (followed by input file name)
     use the provided file as an input stream instead of standard input
   -o (followed by output file name)
     use the provided file as an output stream instead of standard output
   -h prints this help message

parzival@KAREN:/mnt/e/Spring 2020/COMP 362 S20/HafizTaseenLab02$ sub -h
Segmentation fault
parzival@KAREN:/mnt/e/Spring 2020/COMP 362 S20/HafizTaseenLab02$ $ sub --a -+x -i src.txt -o dest.txt
Segmentation fault
parzival@KAREN:/mnt/e/Spring 2020/COMP 362 S20/HafizTaseenLab02$ sub -i src.txt -o dest.txt --a -+x
Segmentation fault
parzival@KAREN:/mnt/e/Spring 2020/COMP 362 S20/HafizTaseenLab02$ sub -o dest.txt --a -i src.txt -+x
Segmentation fault
parzival@KAREN:/mnt/e/Spring 2020/COMP 362 S20/HafizTaseenLab02$ sub --a -o dest.txt -+x -i src.txt
Segmentation fault
parzival@KAREN:/mnt/e/Spring 2020/COMP 362 S20/HafizTaseenLab02$ sub --a -+x -i src.txt
Segmentation fault
parzival@KAREN:/mnt/e/Spring 2020/COMP 362 S20/HafizTaseenLab02$ sub --a -+x -o dest.txt
Segmentation fault
parzival@KAREN:/mnt/e/Spring 2020/COMP 362 S20/HafizTaseenLab02$ sub --a -+x
Segmentation fault
parzival@KAREN:/mnt/e/Spring 2020/COMP 362 S20/HafizTaseenLab02$ sub --a -+x < /myPath/myInputFile.txt
bash: /myPath/myInputFile.txt: No such file or directory
parzival@KAREN:/mnt/e/Spring 2020/COMP 362 S20/HafizTaseenLab02$ sub --a -+x < /myPath/myInputFile.txt
Segmentation fault
parzival@KAREN:/mnt/e/Spring 2020/COMP 362 S20/HafizTaseenLab02$ sub --a -+x < /myPath/myInputFile.txt > dest.txttttttttttttttttt
Segmentation fault
parzival@KAREN:/mnt/e/Spring 2020/COMP 362 S20/HafizTaseenLab02$ sub --ab -+xyz
Segmentation fault
parzival@KAREN:/mnt/e/Spring 2020/COMP 362 S20/HafizTaseenLab02$ sub --abc -+xy
Segmentation fault
parzival@KAREN:/mnt/e/Spring 2020/COMP 362 S20/HafizTaseenLab02$ exit
exit

Script done on 2020-02-10 23:40:32-08:00 [COMMAND_EXIT_CODE="139"]
